../Core/Src/main.c:85:13:log_uart1	8	static
../Core/Src/main.c:90:13:logf_uart1	16	static
../Core/Src/main.c:223:13:fatal	8	static,ignoring_inline_asm
../Core/Src/main.c:132:12:jc_send8.constprop	8	static
../Core/Src/main.c:159:12:jc_set_torque_nm.constprop	16	static
../Core/Src/main.c:207:6:HAL_FDCAN_RxFifo0Callback	64	static
../Core/Src/main.c:377:6:SystemClock_Config	128	static
../Core/Src/main.c:237:5:main	112	static
../Core/Src/main.c:432:6:HAL_TIM_PeriodElapsedCallback	0	static
../Core/Src/main.c:446:6:Error_Handler	0	static
