../Core/Src/main.c:108:20:arm_enable	16	static
../Core/Src/main.c:154:12:odrive_send	32	static
../Core/Src/main.c:186:12:odrive_set_input_torque	24	static
../Core/Src/main.c:88:13:log_uart1	8	static
../Core/Src/main.c:93:13:logf_uart1	16	static
../Core/Src/main.c:194:13:fatal	8	static,ignoring_inline_asm
../Core/Src/main.c:356:6:SystemClock_Config	128	static
../Core/Src/main.c:210:5:main	152	static
../Core/Src/main.c:411:6:HAL_TIM_PeriodElapsedCallback	0	static
../Core/Src/main.c:425:6:Error_Handler	0	static
