../Core/Src/main.c:78:20:led_yellow	8	static
../Core/Src/main.c:79:20:led_red	8	static
../Core/Src/main.c:80:20:led_green	8	static
../Core/Src/main.c:85:13:log_uart1	16	static
../Core/Src/main.c:90:13:logf_uart1	24	static
../Core/Src/main.c:106:20:arm_enable	16	static
../Core/Src/main.c:113:24:jc_tx_id	16	static
../Core/Src/main.c:115:21:clampf	24	static
../Core/Src/main.c:122:23:be_s16	16	static
../Core/Src/main.c:127:23:be_s24	24	static
../Core/Src/main.c:134:12:jc_send8	32	static
../Core/Src/main.c:141:12:jc_set_mode	24	static
../Core/Src/main.c:149:12:jc_enter_closed_loop	24	static
../Core/Src/main.c:155:12:jc_idle	24	static
../Core/Src/main.c:161:12:jc_set_torque_nm	40	static
../Core/Src/main.c:172:12:jc_set_abs_pos_deg	40	static
../Core/Src/main.c:190:6:jc_parse_feedback	32	static
../Core/Src/main.c:225:13:fatal	16	static,ignoring_inline_asm
../Core/Src/main.c:234:13:jc_scan_bus	48	static
../Core/Src/main.c:268:14:wrap_deg_180	16	static
../Core/Src/main.c:280:5:main	128	static
../Core/Src/main.c:429:6:SystemClock_Config	120	static
../Core/Src/main.c:484:6:HAL_TIM_PeriodElapsedCallback	16	static
../Core/Src/main.c:498:6:Error_Handler	4	static
